App.tsx(768,14): error TS17008: JSX element 'main' has no corresponding closing tag.
App.tsx(789,29): error TS2657: JSX expressions must have one parent element.
App.tsx(853,45): error TS2657: JSX expressions must have one parent element.
App.tsx(1207,66): error TS1005: ')' expected.
App.tsx(1207,105): error TS1005: '>' expected.
App.tsx(1207,192): error TS1381: Unexpected token. Did you mean `{'}'}` or `&rbrace;`?
App.tsx(1208,51): error TS1382: Unexpected token. Did you mean `{'>'}` or `&gt;`?
App.tsx(1211,54): error TS1005: ',' expected.
App.tsx(1211,65): error TS1136: Property assignment expected.
App.tsx(1211,241): error TS1005: ',' expected.
App.tsx(1218,38): error TS1005: ')' expected.
App.tsx(1229,148): error TS1005: ',' expected.
App.tsx(1229,211): error TS1005: ',' expected.
App.tsx(1229,213): error TS17002: Expected corresponding JSX closing tag for 'div'.
App.tsx(1230,50): error TS1005: ')' expected.
App.tsx(1232,42): error TS1128: Declaration or statement expected.
App.tsx(1239,34): error TS2657: JSX expressions must have one parent element.
App.tsx(1239,616): error TS1005: ',' expected.
App.tsx(1239,627): error TS1136: Property assignment expected.
App.tsx(1239,821): error TS1005: ',' expected.
App.tsx(1239,934): error TS1005: ')' expected.
App.tsx(1243,25): error TS1005: ')' expected.
App.tsx(1245,22): error TS1005: ')' expected.
App.tsx(1248,17): error TS1005: ')' expected.
App.tsx(1249,21): error TS2657: JSX expressions must have one parent element.
App.tsx(1262,109): error TS1005: ',' expected.
App.tsx(1262,143): error TS1005: ',' expected.
App.tsx(1262,282): error TS1109: Expression expected.
App.tsx(1263,33): error TS1109: Expression expected.
App.tsx(1266,113): error TS1005: ',' expected.
App.tsx(1266,141): error TS1005: ',' expected.
App.tsx(1266,280): error TS1109: Expression expected.
App.tsx(1267,33): error TS1109: Expression expected.
App.tsx(1270,109): error TS1005: ',' expected.
App.tsx(1270,135): error TS1005: ',' expected.
App.tsx(1270,274): error TS1109: Expression expected.
App.tsx(1271,33): error TS1109: Expression expected.
App.tsx(1274,123): error TS1005: ',' expected.
App.tsx(1275,41): error TS2657: JSX expressions must have one parent element.
App.tsx(1277,37): error TS1005: ',' expected.
App.tsx(1277,39): error TS17002: Expected corresponding JSX closing tag for 'div'.
App.tsx(1283,150): error TS1109: Expression expected.
App.tsx(1284,29): error TS1109: Expression expected.
App.tsx(1290,109): error TS1005: ',' expected.
App.tsx(1290,155): error TS1005: ',' expected.
App.tsx(1290,294): error TS1109: Expression expected.
App.tsx(1291,52): error TS1005: ',' expected.
App.tsx(1296,37): error TS1005: ')' expected.
App.tsx(1301,113): error TS1005: ',' expected.
App.tsx(1301,139): error TS1005: ',' expected.
App.tsx(1301,278): error TS1109: Expression expected.
App.tsx(1302,41): error TS1109: Expression expected.
App.tsx(1305,117): error TS1005: ',' expected.
App.tsx(1305,143): error TS1005: ',' expected.
App.tsx(1305,282): error TS1109: Expression expected.
App.tsx(1306,41): error TS1109: Expression expected.
App.tsx(1309,125): error TS1005: ',' expected.
App.tsx(1309,151): error TS1005: ',' expected.
App.tsx(1309,290): error TS1109: Expression expected.
App.tsx(1310,41): error TS1109: Expression expected.
App.tsx(1313,29): error TS1005: ')' expected.
App.tsx(1320,107): error TS1005: ',' expected.
App.tsx(1320,117): error TS1136: Property assignment expected.
App.tsx(1320,120): error TS1005: ',' expected.
App.tsx(1320,121): error TS1382: Unexpected token. Did you mean `{'>'}` or `&gt;`?
App.tsx(1320,203): error TS1382: Unexpected token. Did you mean `{'>'}` or `&gt;`?
App.tsx(1324,33): error TS1005: ',' expected.
App.tsx(1337,37): error TS2657: JSX expressions must have one parent element.
App.tsx(1340,45): error TS1005: ',' expected.
App.tsx(1343,90): error TS1005: ',' expected.
App.tsx(1344,55): error TS1005: ',' expected.
App.tsx(1344,164): error TS1005: ',' expected.
App.tsx(1344,173): error TS1005: ':' expected.
App.tsx(1344,182): error TS1005: ',' expected.
App.tsx(1344,190): error TS1005: ',' expected.
App.tsx(1344,192): error TS17002: Expected corresponding JSX closing tag for 'h3'.
App.tsx(1345,45): error TS1005: ',' expected.
App.tsx(1345,47): error TS17002: Expected corresponding JSX closing tag for 'div'.
App.tsx(1348,59): error TS1005: ',' expected.
App.tsx(1353,65): error TS1005: ',' expected.
App.tsx(1353,92): error TS1005: ',' expected.
App.tsx(1353,101): error TS1005: ':' expected.
App.tsx(1354,62): error TS1109: Expression expected.
App.tsx(1354,66): error TS1005: ',' expected.
App.tsx(1355,57): error TS1005: ',' expected.
App.tsx(1357,49): error TS1005: ',' expected.
App.tsx(1358,49): error TS1005: ')' expected.
App.tsx(1359,45): error TS1128: Declaration or statement expected.
App.tsx(1360,41): error TS1005: ')' expected.
App.tsx(1362,41): error TS1005: ')' expected.
App.tsx(1368,117): error TS1005: ',' expected.
App.tsx(1368,180): error TS1005: ',' expected.
App.tsx(1368,194): error TS1005: ',' expected.
App.tsx(1368,199): error TS1005: ',' expected.
App.tsx(1369,119): error TS1005: ',' expected.
App.tsx(1369,182): error TS1005: ',' expected.
App.tsx(1369,196): error TS1005: ',' expected.
App.tsx(1369,238): error TS1005: ',' expected.
App.tsx(1381,107): error TS1005: ',' expected.
App.tsx(1381,237): error TS1005: ',' expected.
App.tsx(1381,239): error TS17002: Expected corresponding JSX closing tag for 'div'.
App.tsx(1382,116): error TS1005: ',' expected.
App.tsx(1382,244): error TS1005: ',' expected.
App.tsx(1382,246): error TS17002: Expected corresponding JSX closing tag for 'div'.
App.tsx(1383,57): error TS1005: ')' expected.
App.tsx(1384,53): error TS1005: ')' expected.
App.tsx(1385,49): error TS1109: Expression expected.
App.tsx(1386,45): error TS1128: Declaration or statement expected.
App.tsx(1388,37): error TS1109: Expression expected.
App.tsx(1389,33): error TS1109: Expression expected.
App.tsx(1390,29): error TS1128: Declaration or statement expected.
App.tsx(1391,25): error TS1128: Declaration or statement expected.
App.tsx(1392,21): error TS1109: Expression expected.
App.tsx(1394,28): error TS1005: ',' expected.
App.tsx(1404,121): error TS1005: ',' expected.
App.tsx(1404,262): error TS1109: Expression expected.
App.tsx(1405,33): error TS1109: Expression expected.
App.tsx(1408,124): error TS1005: ',' expected.
App.tsx(1408,265): error TS1109: Expression expected.
App.tsx(1409,33): error TS1109: Expression expected.
App.tsx(1412,121): error TS1005: ',' expected.
App.tsx(1412,262): error TS1109: Expression expected.
App.tsx(1413,33): error TS1109: Expression expected.
App.tsx(1416,110): error TS1005: ',' expected.
App.tsx(1418,41): error TS1005: ',' expected.
App.tsx(1418,47): error TS1005: ',' expected.
App.tsx(1419,37): error TS1005: ',' expected.
App.tsx(1419,39): error TS17002: Expected corresponding JSX closing tag for 'div'.
App.tsx(1427,25): error TS1005: ')' expected.
App.tsx(1435,41): error TS2657: JSX expressions must have one parent element.
App.tsx(1446,53): error TS1005: ',' expected.
App.tsx(1449,53): error TS1005: ',' expected.
App.tsx(1449,59): error TS1005: ',' expected.
App.tsx(1450,49): error TS1005: ',' expected.
App.tsx(1450,51): error TS17002: Expected corresponding JSX closing tag for 'div'.
App.tsx(1452,119): error TS1005: ',' expected.
App.tsx(1452,248): error TS1005: ',' expected.
App.tsx(1452,250): error TS17002: Expected corresponding JSX closing tag for 'div'.
App.tsx(1453,94): error TS1005: ',' expected.
App.tsx(1453,220): error TS1005: ')' expected.
App.tsx(1453,220): error TS1005: ',' expected.
App.tsx(1453,222): error TS17002: Expected corresponding JSX closing tag for 'div'.
App.tsx(1455,41): error TS1005: ')' expected.
App.tsx(1456,37): error TS1109: Expression expected.
App.tsx(1457,33): error TS1128: Declaration or statement expected.
App.tsx(1458,29): error TS1109: Expression expected.
App.tsx(1462,30): error TS1005: ';' expected.
App.tsx(1473,41): error TS1005: ',' expected.
App.tsx(1474,38): error TS1109: Expression expected.
App.tsx(1478,41): error TS1005: ',' expected.
App.tsx(1481,41): error TS1005: ',' expected.
App.tsx(1481,47): error TS1005: ',' expected.
App.tsx(1482,37): error TS1005: ',' expected.
App.tsx(1482,39): error TS17002: Expected corresponding JSX closing tag for 'div'.
App.tsx(1484,29): error TS1128: Declaration or statement expected.
App.tsx(1492,37): error TS2657: JSX expressions must have one parent element.
App.tsx(1496,45): error TS1005: ',' expected.
App.tsx(1502,178): error TS1135: Argument expression expected.
App.tsx(1513,53): error TS1005: ',' expected.
App.tsx(1516,53): error TS1005: ',' expected.
App.tsx(1516,59): error TS1005: ',' expected.
App.tsx(1517,49): error TS1005: ',' expected.
App.tsx(1517,51): error TS17002: Expected corresponding JSX closing tag for 'div'.
App.tsx(1526,53): error TS1005: ',' expected.
App.tsx(1529,53): error TS1005: ',' expected.
App.tsx(1529,61): error TS1005: ',' expected.
App.tsx(1530,49): error TS1005: ',' expected.
App.tsx(1530,51): error TS17002: Expected corresponding JSX closing tag for 'div'.
App.tsx(1536,53): error TS1005: ',' expected.
App.tsx(1537,53): error TS1005: ',' expected.
App.tsx(1539,70): error TS1005: ',' expected.
App.tsx(1540,49): error TS1005: ',' expected.
App.tsx(1540,51): error TS17002: Expected corresponding JSX closing tag for 'div'.
App.tsx(1543,53): error TS1005: ',' expected.
App.tsx(1544,53): error TS1005: ',' expected.
App.tsx(1547,49): error TS1005: ')' expected.
App.tsx(1547,49): error TS1005: ',' expected.
App.tsx(1547,51): error TS17002: Expected corresponding JSX closing tag for 'div'.
App.tsx(1548,45): error TS1128: Declaration or statement expected.
App.tsx(1549,41): error TS1109: Expression expected.
App.tsx(1550,37): error TS1109: Expression expected.
App.tsx(1551,33): error TS1109: Expression expected.
App.tsx(1553,29): error TS1128: Declaration or statement expected.
App.tsx(1554,25): error TS1109: Expression expected.
App.tsx(1555,21): error TS1109: Expression expected.
App.tsx(1557,13): error TS1109: Expression expected.
App.tsx(1565,17): error TS1005: ',' expected.
App.tsx(1565,41): error TS1005: ',' expected.
App.tsx(1566,14): error TS1109: Expression expected.
App.tsx(1570,17): error TS1005: ',' expected.
App.tsx(1571,17): error TS1005: ',' expected.
App.tsx(1572,14): error TS1109: Expression expected.
App.tsx(1573,9): error TS1109: Expression expected.
App.tsx(1574,5): error TS1109: Expression expected.
App.tsx(1574,6): error TS1005: '}' expected.
App.tsx(1575,1): error TS1003: Identifier expected.
App.tsx(2053,13): error TS2657: JSX expressions must have one parent element.
App.tsx(2057,1842): error TS1005: ',' expected.
App.tsx(2057,1853): error TS1136: Property assignment expected.
App.tsx(2057,1927): error TS1005: ',' expected.
App.tsx(2057,1949): error TS1005: ',' expected.
App.tsx(2057,1959): error TS1005: ',' expected.
App.tsx(2060,17): error TS1005: ')' expected.
App.tsx(2065,133): error TS1005: ',' expected.
App.tsx(2065,224): error TS1005: ',' expected.
App.tsx(2065,226): error TS17002: Expected corresponding JSX closing tag for 'div'.
App.tsx(2066,167): error TS1005: ',' expected.
App.tsx(2066,257): error TS1005: ',' expected.
App.tsx(2066,259): error TS17002: Expected corresponding JSX closing tag for 'div'.
App.tsx(2068,25): error TS1005: ')' expected.
App.tsx(2095,57): error TS1005: ',' expected.
App.tsx(2095,68): error TS1136: Property assignment expected.
App.tsx(2095,158): error TS1005: ',' expected.
App.tsx(2102,42): error TS1005: ',' expected.
App.tsx(2106,25): error TS1135: Argument expression expected.
App.tsx(2108,25): error TS1005: ')' expected.
App.tsx(2115,30): error TS1005: ')' expected.
App.tsx(2117,21): error TS1005: ')' expected.
App.tsx(2119,13): error TS1109: Expression expected.
App.tsx(2120,9): error TS1109: Expression expected.
App.tsx(2121,5): error TS1128: Declaration or statement expected.
App.tsx(2129,33): error TS2657: JSX expressions must have one parent element.
App.tsx(2129,117): error TS1005: ',' expected.
App.tsx(2129,148): error TS1109: Expression expected.
App.tsx(2129,149): error TS1109: Expression expected.
App.tsx(2130,13): error TS1003: Identifier expected.
App.tsx(2131,13): error TS1005: '}' expected.
App.tsx(2131,84): error TS1005: ',' expected.
App.tsx(2131,268): error TS1005: ',' expected.
App.tsx(2131,270): error TS17002: Expected corresponding JSX closing tag for 'div'.
App.tsx(2131,277): error TS1381: Unexpected token. Did you mean `{'}'}` or `&rbrace;`?
App.tsx(2132,146): error TS1109: Expression expected.
App.tsx(2132,152): error TS1005: ')' expected.
App.tsx(2140,114): error TS1005: ',' expected.
App.tsx(2140,215): error TS1005: ',' expected.
App.tsx(2140,217): error TS17002: Expected corresponding JSX closing tag for 'div'.
App.tsx(2140,224): error TS1381: Unexpected token. Did you mean `{'}'}` or `&rbrace;`?
App.tsx(2141,23): error TS17002: Expected corresponding JSX closing tag for 'aside'.
App.tsx(2142,21): error TS1005: ')' expected.
App.tsx(2143,90): error TS1005: ',' expected.
App.tsx(2143,236): error TS1005: ',' expected.
App.tsx(2145,21): error TS2657: JSX expressions must have one parent element.
App.tsx(2190,21): error TS1005: ',' expected.
App.tsx(2192,17): error TS1005: ',' expected.
App.tsx(2196,18): error TS1005: ',' expected.
App.tsx(2196,29): error TS1136: Property assignment expected.
App.tsx(2196,270): error TS1005: ',' expected.
App.tsx(2200,18): error TS17008: JSX element 'div' has no corresponding closing tag.
App.tsx(2212,25): error TS1005: ',' expected.
App.tsx(2214,25): error TS2657: JSX expressions must have one parent element.
App.tsx(2219,113): error TS1135: Argument expression expected.
App.tsx(2221,25): error TS1005: ')' expected.
App.tsx(2222,21): error TS1005: ',' expected.
App.tsx(2223,17): error TS1005: ')' expected.
App.tsx(2224,13): error TS1109: Expression expected.
App.tsx(2226,13): error TS2657: JSX expressions must have one parent element.
App.tsx(2230,550): error TS1351: An identifier or keyword cannot immediately follow a numeric literal.
App.tsx(2230,551): error TS1005: ',' expected.
App.tsx(2230,1013): error TS1005: ',' expected.
App.tsx(2230,3183): error TS1005: ',' expected.
App.tsx(2230,3294): error TS1005: ',' expected.
App.tsx(2230,3309): error TS1005: ',' expected.
App.tsx(2230,3324): error TS1005: ',' expected.
App.tsx(2230,3424): error TS1005: ',' expected.
App.tsx(2230,4445): error TS1005: ',' expected.
App.tsx(2230,4597): error TS1005: ',' expected.
App.tsx(2230,4736): error TS1005: ',' expected.
App.tsx(2230,4752): error TS1005: ',' expected.
App.tsx(2230,4854): error TS1005: ',' expected.
App.tsx(2233,44): error TS2657: JSX expressions must have one parent element.
App.tsx(2233,496): error TS1005: ',' expected.
App.tsx(2233,507): error TS1136: Property assignment expected.
App.tsx(2233,666): error TS1005: ',' expected.
App.tsx(2233,871): error TS1005: ',' expected.
App.tsx(2233,978): error TS1005: ',' expected.
App.tsx(2233,980): error TS17002: Expected corresponding JSX closing tag for 'div'.
App.tsx(2233,987): error TS1005: ')' expected.
App.tsx(2233,1216): error TS1005: ',' expected.
App.tsx(2233,1229): error TS1005: ',' expected.
App.tsx(2233,1230): error TS1382: Unexpected token. Did you mean `{'>'}` or `&gt;`?
App.tsx(2233,1399): error TS1382: Unexpected token. Did you mean `{'>'}` or `&gt;`?
App.tsx(2233,2334): error TS1005: ',' expected.
App.tsx(2233,2615): error TS1005: ',' expected.
App.tsx(2233,2808): error TS1005: ',' expected.
App.tsx(2233,2817): error TS1005: ',' expected.
App.tsx(2233,2876): error TS1005: ',' expected.
App.tsx(2233,2878): error TS17002: Expected corresponding JSX closing tag for 'div'.
App.tsx(2233,2885): error TS1005: ')' expected.
App.tsx(2233,3549): error TS2657: JSX expressions must have one parent element.
App.tsx(2240,569): error TS1005: ')' expected.
App.tsx(2240,581): error TS1005: '}' expected.
App.tsx(2240,583): error TS17002: Expected corresponding JSX closing tag for 'main'.
App.tsx(2240,1062): error TS2657: JSX expressions must have one parent element.
App.tsx(2240,1478): error TS1005: ',' expected.
App.tsx(2240,1576): error TS1005: ',' expected.
App.tsx(2240,1578): error TS17002: Expected corresponding JSX closing tag for 'div'.
App.tsx(2240,1585): error TS1005: ')' expected.
App.tsx(2240,2056): error TS1005: ',' expected.
App.tsx(2240,2065): error TS1005: ')' expected.
App.tsx(2240,2073): error TS1381: Unexpected token. Did you mean `{'}'}` or `&rbrace;`?
App.tsx(2240,2245): error TS1005: ';' expected.
App.tsx(2240,2251): error TS1109: Expression expected.
App.tsx(2240,2257): error TS1109: Expression expected.
App.tsx(2244,21): error TS2657: JSX expressions must have one parent element.
App.tsx(2251,114): error TS1005: ',' expected.
App.tsx(2253,41): error TS1005: ',' expected.
App.tsx(2253,50): error TS1005: ',' expected.
App.tsx(2254,37): error TS1005: ',' expected.
App.tsx(2254,39): error TS17002: Expected corresponding JSX closing tag for 'div'.
App.tsx(2258,121): error TS1005: ',' expected.
App.tsx(2258,148): error TS1005: ',' expected.
App.tsx(2258,282): error TS1109: Expression expected.
App.tsx(2259,33): error TS1109: Expression expected.
App.tsx(2263,123): error TS1005: ',' expected.
App.tsx(2263,250): error TS1109: Expression expected.
App.tsx(2264,37): error TS1109: Expression expected.
App.tsx(2291,33): error TS1005: ',' expected.
App.tsx(2307,155): error TS1005: ',' expected.
App.tsx(2314,33): error TS1005: ',' expected.
App.tsx(2317,21): error TS1005: ')' expected.
App.tsx(2319,28): error TS1005: ',' expected.
App.tsx(2320,1395): error TS2657: JSX expressions must have one parent element.
App.tsx(2320,1649): error TS1005: ',' expected.
App.tsx(2320,1743): error TS1005: ',' expected.
App.tsx(2320,1893): error TS1005: ',' expected.
App.tsx(2320,1895): error TS17002: Expected corresponding JSX closing tag for 'div'.
App.tsx(2320,1902): error TS1005: ')' expected.
App.tsx(2320,1991): error TS1005: ',' expected.
App.tsx(2320,2232): error TS1005: ',' expected.
App.tsx(2320,2234): error TS17002: Expected corresponding JSX closing tag for 'div'.
App.tsx(2320,2241): error TS1381: Unexpected token. Did you mean `{'}'}` or `&rbrace;`?
App.tsx(2320,2254): error TS1005: ')' expected.
App.tsx(2320,2411): error TS1128: Declaration or statement expected.
App.tsx(2320,2417): error TS1109: Expression expected.
App.tsx(2322,28): error TS1005: ',' expected.
App.tsx(2342,26): error TS1005: ')' expected.
App.tsx(2363,38): error TS1005: ')' expected.
App.tsx(2368,26): error TS1005: ',' expected.
App.tsx(2371,301): error TS1109: Expression expected.
App.tsx(2371,302): error TS1109: Expression expected.
App.tsx(2371,486): error TS1109: Expression expected.
App.tsx(2371,1671): error TS1005: ',' expected.
App.tsx(2371,1675): error TS1005: ',' expected.
App.tsx(2371,1680): error TS1005: ',' expected.
App.tsx(2371,1693): error TS1005: ',' expected.
App.tsx(2371,1699): error TS1005: ',' expected.
App.tsx(2371,1714): error TS1005: ',' expected.
App.tsx(2371,1719): error TS1005: ',' expected.
App.tsx(2371,1833): error TS1381: Unexpected token. Did you mean `{'}'}` or `&rbrace;`?
App.tsx(2371,1834): error TS1382: Unexpected token. Did you mean `{'>'}` or `&gt;`?
App.tsx(2371,2169): error TS1381: Unexpected token. Did you mean `{'}'}` or `&rbrace;`?
App.tsx(2371,2178): error TS17015: Expected corresponding closing tag for JSX fragment.
App.tsx(2371,2181): error TS1382: Unexpected token. Did you mean `{'>'}` or `&gt;`?
App.tsx(2371,2185): error TS1381: Unexpected token. Did you mean `{'}'}` or `&rbrace;`?
App.tsx(2371,2188): error TS17015: Expected corresponding closing tag for JSX fragment.
App.tsx(2371,2191): error TS1382: Unexpected token. Did you mean `{'>'}` or `&gt;`?
App.tsx(2372,28): error TS1003: Identifier expected.
App.tsx(2374,22): error TS1005: ')' expected.
App.tsx(2374,24): error TS1109: Expression expected.
App.tsx(2376,22): error TS1109: Expression expected.
App.tsx(2378,28): error TS1005: ',' expected.
App.tsx(2378,1031): error TS1005: ',' expected.
App.tsx(2378,1146): error TS1005: ',' expected.
App.tsx(2378,1156): error TS1005: ',' expected.
App.tsx(2378,1309): error TS1005: ',' expected.
App.tsx(2378,1368): error TS2657: JSX expressions must have one parent element.
App.tsx(2378,1420): error TS1005: ',' expected.
App.tsx(2378,1517): error TS1005: ',' expected.
App.tsx(2378,1523): error TS1005: ',' expected.
App.tsx(2378,1525): error TS17002: Expected corresponding JSX closing tag for 'div'.
App.tsx(2378,2201): error TS1005: '}' expected.
App.tsx(2384,10): error TS1109: Expression expected.
App.tsx(2385,5): error TS1109: Expression expected.
App.tsx(2385,7): error TS1005: '}' expected.
App.tsx(2385,9): error TS1003: Identifier expected.
App.tsx(2386,9): error TS2657: JSX expressions must have one parent element.
App.tsx(2386,256): error TS1005: ',' expected.
App.tsx(2386,381): error TS1005: ',' expected.
App.tsx(2386,387): error TS1005: ',' expected.
App.tsx(2386,389): error TS17002: Expected corresponding JSX closing tag for 'div'.
App.tsx(2386,1643): error TS1005: ',' expected.
App.tsx(2387,5): error TS1109: Expression expected.
App.tsx(2388,1): error TS1005: ':' expected.
App.tsx(2388,7): error TS1109: Expression expected.
App.tsx(2393,9): error TS1005: ',' expected.
App.tsx(2395,1): error TS1005: ',' expected.
App.tsx(2395,318): error TS1005: ',' expected.
App.tsx(2395,431): error TS1005: ',' expected.
App.tsx(2395,467): error TS1109: Expression expected.
App.tsx(2395,630): error TS1005: ',' expected.
App.tsx(2405,1): error TS1005: ',' expected.
App.tsx(2411,21): error TS1005: ',' expected.
App.tsx(2429,49): error TS1005: ',' expected.
App.tsx(2429,56): error TS1136: Property assignment expected.
App.tsx(2429,89): error TS1005: ',' expected.
App.tsx(2437,38): error TS1005: ',' expected.
App.tsx(2447,33): error TS1005: ',' expected.
App.tsx(2448,29): error TS1005: ')' expected.
App.tsx(2449,27): error TS1005: ';' expected.
App.tsx(2456,21): error TS1005: ')' expected.
App.tsx(2458,28): error TS1005: ',' expected.
App.tsx(2461,17): error TS1005: ')' expected.
App.tsx(2465,17): error TS1005: ')' expected.
App.tsx(2470,17): error TS1005: ')' expected.
App.tsx(2474,17): error TS1005: ')' expected.
App.tsx(2477,13): error TS1005: ')' expected.
App.tsx(2485,17): error TS1005: ',' expected.
App.tsx(2485,41): error TS1005: ',' expected.
App.tsx(2486,14): error TS1109: Expression expected.
App.tsx(2487,9): error TS1109: Expression expected.
App.tsx(2488,9): error TS1109: Expression expected.
App.tsx(2489,5): error TS1109: Expression expected.
App.tsx(2489,6): error TS1005: '}' expected.
App.tsx(2490,1): error TS1003: Identifier expected.
App.tsx(2621,1): error TS1005: '}' expected.
fix_student.cjs(5,85): error TS1005: ',' expected.
fix_student.cjs(5,99): error TS1005: ',' expected.
fix_student.cjs(5,111): error TS1127: Invalid character.
fix_student.cjs(5,112): error TS1127: Invalid character.
fix_student.cjs(5,120): error TS1005: ',' expected.
fix_student.cjs(5,131): error TS1005: ',' expected.
fix_student.cjs(5,142): error TS1005: ',' expected.
fix_student.cjs(5,156): error TS1005: ',' expected.
fix_student.cjs(5,173): error TS1127: Invalid character.
fix_student.cjs(5,174): error TS1127: Invalid character.
fix_student.cjs(5,204): error TS1005: ',' expected.
fix_student.cjs(5,221): error TS1127: Invalid character.
fix_student.cjs(5,222): error TS1127: Invalid character.
fix_vip.cjs(15,186): error TS1005: ',' expected.
fix_vip.cjs(15,206): error TS1005: ',' expected.
fix_vip.cjs(15,216): error TS1127: Invalid character.
fix_vip.cjs(15,217): error TS1127: Invalid character.
fix_vip.cjs(15,225): error TS1005: ',' expected.
fix_vip.cjs(15,242): error TS1127: Invalid character.
fix_vip.cjs(15,243): error TS1127: Invalid character.
mentoria-individual/AdminPanel.tsx(1032,6): error TS1005: ',' expected.
mentoria-individual/AdminPanel.tsx(1295,6): error TS1005: ',' expected.
mentoria-individual/AdminPanel.tsx(1296,3): error TS1128: Declaration or statement expected.
mentoria-individual/AdminPanel.tsx(2531,1): error TS1128: Declaration or statement expected.
mentoria-individual/GestaoVIPPanel.tsx(343,15): error TS1005: ')' expected.
mentoria-individual/GestaoVIPPanel.tsx(344,5): error TS1109: Expression expected.
mentoria-individual/GestaoVIPPanel.tsx(345,1): error TS1128: Declaration or statement expected.
